
≡ƒôï STEP 1: Create test accounts
  Γ£à Student A logged in
  Γ£à Student B logged in
  Γ£à Admin logged in
  Student A ID: 699bfe4206d6a7971b509abd
  Student B ID: 699bfe4206d6a7971b509ac2

≡ƒôï STEP 2: Admin creates 2 events
  Γ£à Event 1 created
  Γ£à Event 2 created
  Event 1 ID: 699bfeb006d6a7971b509b42
  Event 2 ID: 699bfeb006d6a7971b509b45

≡ƒôï TEST 1: Cross-Student Independence
  Scenario: A registers for Event 1 ΓåÆ B should NOT see "Registered"
  Γ¥î FAIL: Student A registered for Event 1
  Γ¥î FAIL: A sees Event 1 as isRegistered=true
  Γ£à A sees Event 2 as isRegistered=false
  Γ£à B sees Event 1 as isRegistered=false (NOT polluted by A)
  Γ£à B sees Event 2 as isRegistered=false

≡ƒôï TEST 2: Cross-Event Independence
  Scenario: A (registered for Event 1) registers for Event 2 ΓåÆ should succeed
  Γ¥î FAIL: Student A registered for Event 2 (no cross-event block)
  Γ¥î FAIL: A sees Event 1 still registered
  Γ¥î FAIL: A sees Event 2 now registered

≡ƒôï TEST 3: Independent Concurrent Registration
  Scenario: B registers for Event 1 independently ΓåÆ both see correct state
  Γ¥î FAIL: Student B registered for Event 1
  Γ¥î FAIL: A still sees Event 1 registered
  Γ¥î FAIL: A still sees Event 2 registered
  Γ¥î FAIL: B sees Event 1 as registered
  Γ£à B sees Event 2 as NOT registered

≡ƒôï TEST 4: Duplicate Registration Blocked
  Γ£à Duplicate registration blocked (status 400)
  Γ£à Error says already registered

ΓòÉΓòÉΓòÉΓòÉΓòÉΓòÉΓòÉΓòÉΓòÉΓòÉΓòÉΓòÉΓòÉΓòÉΓòÉΓòÉΓòÉΓòÉΓòÉΓòÉΓòÉΓòÉΓòÉΓòÉΓòÉΓòÉΓòÉΓòÉΓòÉΓòÉΓòÉΓòÉΓòÉΓòÉΓòÉΓòÉΓòÉΓòÉΓòÉΓòÉΓòÉΓòÉΓòÉΓòÉΓòÉΓòÉΓòÉΓòÉΓòÉΓòÉ
≡ƒôè RESULTS: 11 passed, 9 failed out of 20 tests
ΓÜá∩╕Å  SOME TESTS FAILED
ΓòÉΓòÉΓòÉΓòÉΓòÉΓòÉΓòÉΓòÉΓòÉΓòÉΓòÉΓòÉΓòÉΓòÉΓòÉΓòÉΓòÉΓòÉΓòÉΓòÉΓòÉΓòÉΓòÉΓòÉΓòÉΓòÉΓòÉΓòÉΓòÉΓòÉΓòÉΓòÉΓòÉΓòÉΓòÉΓòÉΓòÉΓòÉΓòÉΓòÉΓòÉΓòÉΓòÉΓòÉΓòÉΓòÉΓòÉΓòÉΓòÉΓòÉ
